
There are no discarded input sections

Memory Configuration

Name             Origin             Length             Attributes
FLASH            0x08000000         0x00100000         xr
SRAM             0x20000000         0x00020000         xrw
*default*        0x00000000         0xffffffff

Linker script and memory map

LOAD main.o
LOAD led.o
LOAD stm32_startup.o
                0x00000400                        __max_heap_size = 0x400
                0x00000200                        __max_stack_size = 0x200

.text           0x08000000      0x674
 *(.isr_section)
 *(.text)
 .text          0x08000000      0x4dc main.o
                0x08000000                main
                0x08000030                idle_task
                0x08000038                task1_handler
                0x0800005c                task2_handler
                0x08000080                task3_handler
                0x080000a0                task4_handler
                0x080000c0                init_systick_timer
                0x08000128                init_scheduler_stack
                0x08000132                init_tasks_stack
                0x0800024c                enable_processor_faults
                0x08000288                get_psp_value
                0x080002a8                save_psp_value
                0x080002d0                update_next_task
                0x08000358                switch_sp_to_psp
                0x08000372                schedule
                0x08000398                task_delay
                0x080003f8                PendSV_Handler
                0x0800041e                update_global_tick_count
                0x08000438                unblock_tasks
                0x08000498                SysTick_Handler
                0x080004c4                HardFault_Handler
                0x080004cc                MemManage_Handler
                0x080004d4                BusFault_Handler
 .text          0x080004dc       0xfc led.o
                0x080004dc                delay
                0x08000504                led_init_all
                0x08000578                led_on
                0x080005a8                led_off
 .text          0x080005d8       0x90 stm32_startup.o
                0x080005d8                RTC_WKUP_Handler
                0x080005d8                FLASH_Handler
                0x080005d8                SVCall_Handler
                0x080005d8                DMA2_Stream7_Handler
                0x080005d8                OTG_HS_Handler
                0x080005d8                Systick_Handler
                0x080005d8                DMA2_Stream3_Handler
                0x080005d8                USART3_Handler
                0x080005d8                NMI_Handler
                0x080005d8                SAI1_Handler
                0x080005d8                TIM6_DAC_Handler
                0x080005d8                CAN1_RX1_Handler
                0x080005d8                EXTI15_10_Handler
                0x080005d8                ADC_Handler
                0x080005d8                I2C1_EV_Handler
                0x080005d8                TAMP_STAMP_Handler
                0x080005d8                I2C3_ER_Handler
                0x080005d8                WWDG_Handler
                0x080005d8                EXTI4_Handler
                0x080005d8                I2C3_EV_Handler
                0x080005d8                DMA1_Stream1_Handler
                0x080005d8                DMA2_Stream4_Handler
                0x080005d8                DMA1_Stream7_Handler
                0x080005d8                OTG_FS_Handler
                0x080005d8                TIM1_BRK_TIM9_Handler
                0x080005d8                I2C1_ER_Handler
                0x080005d8                DMA1_Stream3_Handler
                0x080005d8                UsageFault_Handler
                0x080005d8                TIM1_UP_TIM10_Handler
                0x080005d8                CAN1_RX0_Handler
                0x080005d8                TIM1_CC_Handler
                0x080005d8                I2C2_ER_Handler
                0x080005d8                USART6_Handler
                0x080005d8                TIM8_CC_Handler
                0x080005d8                HDMI_CEC_Handler
                0x080005d8                SAI2_Handler
                0x080005d8                CAN1_SCE_Handler
                0x080005d8                DMA1_Stream0_Handler
                0x080005d8                OTG_HS_EP1_OUT_Handler
                0x080005d8                EXTI1_Handler
                0x080005d8                Reset_Handler
                0x080005d8                FMC_Handler
                0x080005d8                EXTI3_Handler
                0x080005d8                EXTI2_Handler
                0x080005d8                UART4_Handler
                0x080005d8                CAN2_RX1_Handler
                0x080005d8                EXTI9_5_Handler
                0x080005d8                TIM2_Handler
                0x080005d8                USART1_Handler
                0x080005d8                CAN2_SCE_Handler
                0x080005d8                TIM3_Handler
                0x080005d8                DMA2_Stream6_Handler
                0x080005d8                Default_Handler
                0x080005d8                DCMI_Handler
                0x080005d8                TIM1_TRG_COM_TIM11_Handler
                0x080005d8                FMPI2C1_error_Handler
                0x080005d8                RTC_Alarm_Handler
                0x080005d8                TIM4_Handler
                0x080005d8                TIM8_UP_TIM13_Handler
                0x080005d8                CAN2_TX_Handler
                0x080005d8                SPI2_Handler
                0x080005d8                DMA2_Stream1_Handler
                0x080005d8                DMA1_Stream2_Handler
                0x080005d8                EXTI0_Handler
                0x080005d8                TIM8_BRK_TIM12_Handler
                0x080005d8                CAN2_RX0_Handler
                0x080005d8                DMA2_Stream5_Handler
                0x080005d8                DMA1_Stream6_Handler
                0x080005d8                SDIO_Handler
                0x080005d8                USART2_Handler
                0x080005d8                SPI1_Handler
                0x080005d8                I2C2_EV_Handler
                0x080005d8                SPDIF_Rx_Handler
                0x080005d8                DMA2_Stream2_Handler
                0x080005d8                Debug_Monitor_Handler
                0x080005d8                SPI3_Handler
                0x080005d8                DMA2_Stream0_Handler
                0x080005d8                RCC_Handler
                0x080005d8                PVD_Handler
                0x080005d8                UART5_Handler
                0x080005d8                DMA1_Stream5_Handler
                0x080005d8                TIM5_Handler
                0x080005d8                QuadSPI_Handler
                0x080005d8                TIM7_Handler
                0x080005d8                TIM8_TRG_COM_TIM14_Handler
                0x080005d8                CAN1_TX_Handler
                0x080005d8                FPU_Handler
                0x080005d8                FMPI2C1_Handler
                0x080005d8                DMA1_Stream4_Handler
                0x080005d8                OTG_HS_WKUP_Handler
                0x080005d8                OTG_FS_WKUP_Handler
                0x080005d8                SPI4_Handler
                0x080005d8                OTG_HS_EP1_IN_Handler
                0x080005e0                reset_handler
 *(.rodata)
 .rodata        0x08000668        0x9 main.o
                0x08000668                const_v_1
                0x0800066c                const_v_2
                0x08000670                const_V_3
                0x08000674                        . = ALIGN (0x4)
 *fill*         0x08000671        0x3 
                0x08000674                        _etext = .

.glue_7         0x08000674        0x0
 .glue_7        0x08000674        0x0 linker stubs

.glue_7t        0x08000674        0x0
 .glue_7t       0x08000674        0x0 linker stubs

.vfp11_veneer   0x08000674        0x0
 .vfp11_veneer  0x08000674        0x0 linker stubs

.v4_bx          0x08000674        0x0
 .v4_bx         0x08000674        0x0 linker stubs

.iplt           0x08000674        0x0
 .iplt          0x08000674        0x0 main.o

.rel.dyn        0x08000674        0x0
 .rel.iplt      0x08000674        0x0 main.o

.data           0x20000000        0x4 load address 0x08000674
                0x20000000                        _sdata = 0x0
 *(.data)
 .data          0x20000000        0x1 main.o
                0x20000000                current_task
 .data          0x20000001        0x0 led.o
 .data          0x20000001        0x0 stm32_startup.o
                0x20000004                        . = ALIGN (0x4)
 *fill*         0x20000001        0x3 
                0x20000004                        _edata = .

.igot.plt       0x20000004        0x0 load address 0x08000678
 .igot.plt      0x20000004        0x0 main.o

.isr_vector     0x20000004      0x1b8 load address 0x08000678
 .isr_vector    0x20000004      0x1b8 stm32_startup.o
                0x20000004                vectors

.bss            0x200001bc       0x54 load address 0x08000830
                0x200001bc                        _sbss = .
 *(.bss)
 .bss           0x200001bc       0x54 main.o
                0x200001bc                g_tick_count
                0x200001c0                user_tasks
 .bss           0x20000210        0x0 led.o
 .bss           0x20000210        0x0 stm32_startup.o
                0x20000210                        . = ALIGN (0x4)
                0x20000210                        _ebss = .
OUTPUT(final.elf elf32-littlearm)
LOAD linker stubs

.comment        0x00000000       0x26
 .comment       0x00000000       0x26 main.o
                                 0x27 (size before relaxing)
 .comment       0x00000026       0x27 led.o
 .comment       0x00000026       0x27 stm32_startup.o

.ARM.attributes
                0x00000000       0x2e
 .ARM.attributes
                0x00000000       0x2e main.o
 .ARM.attributes
                0x0000002e       0x2e led.o
 .ARM.attributes
                0x0000005c       0x2e stm32_startup.o
