Archive member included to satisfy reference by file (symbol)

/home/cesar/Documents/barebones-mcu-compilation/source/LowByteProductions/app/../libopencm3/lib/libopencm3_stm32f4.a(gpio_common_all.o)
                              /home/cesar/Documents/barebones-mcu-compilation/source/LowByteProductions/app/src/firmware.o (gpio_toggle)
/home/cesar/Documents/barebones-mcu-compilation/source/LowByteProductions/app/../libopencm3/lib/libopencm3_stm32f4.a(gpio_common_f0234.o)
                              /home/cesar/Documents/barebones-mcu-compilation/source/LowByteProductions/app/src/firmware.o (gpio_mode_setup)
/home/cesar/Documents/barebones-mcu-compilation/source/LowByteProductions/app/../libopencm3/lib/libopencm3_stm32f4.a(rcc_common_all.o)
                              /home/cesar/Documents/barebones-mcu-compilation/source/LowByteProductions/app/src/firmware.o (rcc_periph_clock_enable)
/home/cesar/Documents/barebones-mcu-compilation/source/LowByteProductions/app/../libopencm3/lib/libopencm3_stm32f4.a(rcc.o)
                              /home/cesar/Documents/barebones-mcu-compilation/source/LowByteProductions/app/src/firmware.o (rcc_clock_setup_pll)
/home/cesar/Documents/barebones-mcu-compilation/source/LowByteProductions/app/../libopencm3/lib/libopencm3_stm32f4.a(vector.o)
                              (reset_handler)
/home/cesar/Documents/barebones-mcu-compilation/source/LowByteProductions/app/../libopencm3/lib/libopencm3_stm32f4.a(flash_common_all.o)
                              /home/cesar/Documents/barebones-mcu-compilation/source/LowByteProductions/app/../libopencm3/lib/libopencm3_stm32f4.a(rcc.o) (flash_set_ws)
/home/cesar/Documents/barebones-mcu-compilation/source/LowByteProductions/app/../libopencm3/lib/libopencm3_stm32f4.a(flash_common_idcache.o)
                              /home/cesar/Documents/barebones-mcu-compilation/source/LowByteProductions/app/../libopencm3/lib/libopencm3_stm32f4.a(rcc.o) (flash_dcache_enable)
/home/cesar/Documents/barebones-mcu-compilation/source/LowByteProductions/app/../libopencm3/lib/libopencm3_stm32f4.a(pwr.o)
                              /home/cesar/Documents/barebones-mcu-compilation/source/LowByteProductions/app/../libopencm3/lib/libopencm3_stm32f4.a(rcc.o) (pwr_set_vos_scale)

Discarded input sections

 .group         0x00000000        0xc /home/cesar/Documents/barebones-mcu-compilation/source/LowByteProductions/app/src/firmware.o
 .group         0x00000000        0xc /home/cesar/Documents/barebones-mcu-compilation/source/LowByteProductions/app/src/firmware.o
 .group         0x00000000        0xc /home/cesar/Documents/barebones-mcu-compilation/source/LowByteProductions/app/src/firmware.o
 .group         0x00000000        0xc /home/cesar/Documents/barebones-mcu-compilation/source/LowByteProductions/app/src/firmware.o
 .group         0x00000000        0xc /home/cesar/Documents/barebones-mcu-compilation/source/LowByteProductions/app/src/firmware.o
 .group         0x00000000        0xc /home/cesar/Documents/barebones-mcu-compilation/source/LowByteProductions/app/src/firmware.o
 .group         0x00000000        0xc /home/cesar/Documents/barebones-mcu-compilation/source/LowByteProductions/app/src/firmware.o
 .group         0x00000000        0xc /home/cesar/Documents/barebones-mcu-compilation/source/LowByteProductions/app/src/firmware.o
 .group         0x00000000        0xc /home/cesar/Documents/barebones-mcu-compilation/source/LowByteProductions/app/src/firmware.o
 .group         0x00000000        0xc /home/cesar/Documents/barebones-mcu-compilation/source/LowByteProductions/app/src/firmware.o
 .group         0x00000000        0xc /home/cesar/Documents/barebones-mcu-compilation/source/LowByteProductions/app/src/firmware.o
 .group         0x00000000        0xc /home/cesar/Documents/barebones-mcu-compilation/source/LowByteProductions/app/src/firmware.o
 .group         0x00000000        0xc /home/cesar/Documents/barebones-mcu-compilation/source/LowByteProductions/app/src/firmware.o
 .text          0x00000000        0x0 /home/cesar/Documents/barebones-mcu-compilation/source/LowByteProductions/app/src/firmware.o
 .data          0x00000000        0x0 /home/cesar/Documents/barebones-mcu-compilation/source/LowByteProductions/app/src/firmware.o
 .bss           0x00000000        0x0 /home/cesar/Documents/barebones-mcu-compilation/source/LowByteProductions/app/src/firmware.o
 .group         0x00000000        0xc /home/cesar/Documents/barebones-mcu-compilation/source/LowByteProductions/app/../libopencm3/lib/libopencm3_stm32f4.a(gpio_common_all.o)
 .group         0x00000000        0xc /home/cesar/Documents/barebones-mcu-compilation/source/LowByteProductions/app/../libopencm3/lib/libopencm3_stm32f4.a(gpio_common_all.o)
 .group         0x00000000        0xc /home/cesar/Documents/barebones-mcu-compilation/source/LowByteProductions/app/../libopencm3/lib/libopencm3_stm32f4.a(gpio_common_all.o)
[...]
Memory Configuration

Name             Origin             Length             Attributes
rom              0x08000000         0x00080000         xr
ram              0x20000000         0x00018000         xrw
*default*        0x00000000         0xffffffff

Linker script and memory map

LOAD /home/cesar/Documents/barebones-mcu-compilation/source/LowByteProductions/app/src/firmware.o
LOAD /home/cesar/Documents/barebones-mcu-compilation/source/LowByteProductions/app/../libopencm3/lib/libopencm3_stm32f4.a
START GROUP
LOAD /usr/lib/gcc/arm-none-eabi/13.2.1/../../../arm-none-eabi/lib/thumb/v7e-m+fp/hard/libc.a
LOAD /usr/lib/gcc/arm-none-eabi/13.2.1/thumb/v7e-m+fp/hard/libgcc.a
LOAD /usr/lib/gcc/arm-none-eabi/13.2.1/../../../arm-none-eabi/lib/thumb/v7e-m+fp/hard/libnosys.a
END GROUP
START GROUP
LOAD /usr/lib/gcc/arm-none-eabi/13.2.1/thumb/v7e-m+fp/hard/libgcc.a
LOAD /usr/lib/gcc/arm-none-eabi/13.2.1/../../../arm-none-eabi/lib/thumb/v7e-m+fp/hard/libg.a
LOAD /usr/lib/gcc/arm-none-eabi/13.2.1/../../../arm-none-eabi/lib/thumb/v7e-m+fp/hard/libc.a
END GROUP

.text           0x08000000      0x70c
 *(.bootloader_section)
 *(.vectors)
 .vectors       0x08000000      0x1ac /home/cesar/Documents/barebones-mcu-compilation/source/LowByteProductions/app/../libopencm3/lib/libopencm3_stm32f4.a(vector.o)
                0x08000000                vector_table
                0x080001b0                        . = ALIGN (0x10)
 *fill*         0x080001ac        0x4 
 *(.firmware_info)
 *(.firmware_signature)
 *(.text*)
 .text.startup.main
                0x080001b0       0x3c /home/cesar/Documents/barebones-mcu-compilation/source/LowByteProductions/app/src/firmware.o
                0x080001b0                main
 .text.gpio_toggle
                0x080001ec       0x12 /home/cesar/Documents/barebones-mcu-compilation/source/LowByteProductions/app/../libopencm3/lib/libopencm3_stm32f4.a(gpio_common_all.o)
                0x080001ec                gpio_toggle
 .text.gpio_mode_setup
                0x080001fe       0x40 /home/cesar/Documents/barebones-mcu-compilation/source/LowByteProductions/app/../libopencm3/lib/libopencm3_stm32f4.a(gpio_common_f0234.o)
                0x080001fe                gpio_mode_setup
 .text.rcc_periph_clock_enable
                0x0800023e       0x1a /home/cesar/Documents/barebones-mcu-compilation/source/LowByteProductions/app/../libopencm3/lib/libopencm3_stm32f4.a(rcc_common_all.o)
                0x0800023e                rcc_periph_clock_enable
 .text.rcc_is_osc_ready
                0x08000258       0x64 /home/cesar/Documents/barebones-mcu-compilation/source/LowByteProductions/app/../libopencm3/lib/libopencm3_stm32f4.a(rcc.o)
                0x08000258                rcc_is_osc_ready
 .text.rcc_wait_for_osc_ready
                0x080002bc       0x10 /home/cesar/Documents/barebones-mcu-compilation/source/LowByteProductions/app/../libopencm3/lib/libopencm3_stm32f4.a(rcc.o)
                0x080002bc                rcc_wait_for_osc_ready
 .text.rcc_osc_on
                0x080002cc       0x74 /home/cesar/Documents/barebones-mcu-compilation/source/LowByteProductions/app/../libopencm3/lib/libopencm3_stm32f4.a(rcc.o)
                0x080002cc                rcc_osc_on
 .text.rcc_osc_off
                0x08000340       0x74 /home/cesar/Documents/barebones-mcu-compilation/source/LowByteProductions/app/../libopencm3/lib/libopencm3_stm32f4.a(rcc.o)
                0x08000340                rcc_osc_off
 .text.rcc_set_sysclk_source
                0x080003b4       0x18 /home/cesar/Documents/barebones-mcu-compilation/source/LowByteProductions/app/../libopencm3/lib/libopencm3_stm32f4.a(rcc.o)
                0x080003b4                rcc_set_sysclk_source
 .text.rcc_set_ppre2
                0x080003cc       0x18 /home/cesar/Documents/barebones-mcu-compilation/source/LowByteProductions/app/../libopencm3/lib/libopencm3_stm32f4.a(rcc.o)
                0x080003cc                rcc_set_ppre2
 .text.rcc_set_ppre1
                0x080003e4       0x18 /home/cesar/Documents/barebones-mcu-compilation/source/LowByteProductions/app/../libopencm3/lib/libopencm3_stm32f4.a(rcc.o)
                0x080003e4                rcc_set_ppre1
 .text.rcc_set_hpre
                0x080003fc       0x18 /home/cesar/Documents/barebones-mcu-compilation/source/LowByteProductions/app/../libopencm3/lib/libopencm3_stm32f4.a(rcc.o)
                0x080003fc                rcc_set_hpre
 .text.rcc_set_main_pll_hsi
                0x08000414       0x44 /home/cesar/Documents/barebones-mcu-compilation/source/LowByteProductions/app/../libopencm3/lib/libopencm3_stm32f4.a(rcc.o)
                0x08000414                rcc_set_main_pll_hsi
 .text.rcc_set_main_pll_hse
                0x08000458       0x44 /home/cesar/Documents/barebones-mcu-compilation/source/LowByteProductions/app/../libopencm3/lib/libopencm3_stm32f4.a(rcc.o)
                0x08000458                rcc_set_main_pll_hse
 .text.rcc_clock_setup_pll
                0x0800049c       0xe4 /home/cesar/Documents/barebones-mcu-compilation/source/LowByteProductions/app/../libopencm3/lib/libopencm3_stm32f4.a(rcc.o)
                0x0800049c                rcc_clock_setup_pll
 .text.blocking_handler
                0x08000580        0x2 /home/cesar/Documents/barebones-mcu-compilation/source/LowByteProductions/app/../libopencm3/lib/libopencm3_stm32f4.a(vector.o)
                0x08000580                dma2_stream1_isr
                0x08000580                tim8_brk_tim12_isr
                0x08000580                dma1_stream7_isr
                0x08000580                usart3_isr
                0x08000580                tim7_isr
                0x08000580                dma2d_isr
                0x08000580                uart8_isr
                0x08000580                dma1_stream2_isr
                0x08000580                otg_hs_isr
                0x08000580                blocking_handler
                0x08000580                tim5_isr
                0x08000580                rtc_wkup_isr
                0x08000580                otg_fs_isr
                0x08000580                spi1_isr
                0x08000580                i2c3_er_isr
                0x08000580                exti2_isr
                0x08000580                spi5_isr
                0x08000580                usb_fs_wkup_isr
                0x08000580                tamp_stamp_isr
                0x08000580                can1_rx1_isr
                0x08000580                dma2_stream0_isr
                0x08000580                usart1_isr
                0x08000580                i2c3_ev_isr
                0x08000580                usage_fault_handler
                0x08000580                can2_rx0_isr
                0x08000580                dma1_stream6_isr
                0x08000580                can2_rx1_isr
                0x08000580                can1_sce_isr
                0x08000580                tim1_cc_isr
                0x08000580                can1_tx_isr
                0x08000580                tim1_up_tim10_isr
                0x08000580                sdio_isr
                0x08000580                eth_isr
                0x08000580                spi6_isr
                0x08000580                dma2_stream5_isr
                0x08000580                pvd_isr
                0x08000580                can1_rx0_isr
                0x08000580                rcc_isr
                0x08000580                dma2_stream3_isr
                0x08000580                flash_isr
                0x08000580                uart4_isr
                0x08000580                lcd_tft_isr
                0x08000580                rtc_alarm_isr
                0x08000580                exti15_10_isr
                0x08000580                hash_rng_isr
                0x08000580                tim1_trg_com_tim11_isr
                0x08000580                hard_fault_handler
                0x08000580                exti1_isr
                0x08000580                i2c1_ev_isr
                0x08000580                usart6_isr
                0x08000580                spi2_isr
                0x08000580                cryp_isr
                0x08000580                nvic_wwdg_isr
                0x08000580                dma1_stream1_isr
                0x08000580                dma2_stream4_isr
                0x08000580                exti3_isr
                0x08000580                tim3_isr
                0x08000580                usart2_isr
                0x08000580                sai1_isr
                0x08000580                fpu_isr
                0x08000580                dma1_stream4_isr
                0x08000580                i2c2_er_isr
                0x08000580                i2c2_ev_isr
                0x08000580                uart5_isr
                0x08000580                dma2_stream6_isr
                0x08000580                spi4_isr
                0x08000580                adc_isr
                0x08000580                dma2_stream7_isr
                0x08000580                tim8_up_tim13_isr
                0x08000580                fsmc_isr
                0x08000580                exti4_isr
                0x08000580                tim6_dac_isr
                0x08000580                dma1_stream3_isr
                0x08000580                tim8_trg_com_tim14_isr
                0x08000580                mem_manage_handler
                0x08000580                lcd_tft_err_isr
                0x08000580                can2_tx_isr
                0x08000580                exti9_5_isr
                0x08000580                tim1_brk_tim9_isr
                0x08000580                uart7_isr
                0x08000580                can2_sce_isr
                0x08000580                tim4_isr
                0x08000580                otg_hs_wkup_isr
                0x08000580                i2c1_er_isr
                0x08000580                dma1_stream0_isr
                0x08000580                tim8_cc_isr
                0x08000580                dcmi_isr
                0x08000580                dma2_stream2_isr
                0x08000580                eth_wkup_isr
                0x08000580                bus_fault_handler
                0x08000580                otg_hs_ep1_out_isr
                0x08000580                spi3_isr
                0x08000580                dma1_stream5_isr
                0x08000580                otg_hs_ep1_in_isr
                0x08000580                tim2_isr
                0x08000580                exti0_isr
 .text.null_handler
                0x08000582        0x2 /home/cesar/Documents/barebones-mcu-compilation/source/LowByteProductions/app/../libopencm3/lib/libopencm3_stm32f4.a(vector.o)
                0x08000582                null_handler
                0x08000582                sv_call_handler
                0x08000582                pend_sv_handler
                0x08000582                debug_monitor_handler
                0x08000582                sys_tick_handler
                0x08000582                nmi_handler
 .text.reset_handler
                0x08000584       0xa0 /home/cesar/Documents/barebones-mcu-compilation/source/LowByteProductions/app/../libopencm3/lib/libopencm3_stm32f4.a(vector.o)
                0x08000584                reset_handler
 .text.flash_set_ws
                0x08000624       0x18 /home/cesar/Documents/barebones-mcu-compilation/source/LowByteProductions/app/../libopencm3/lib/libopencm3_stm32f4.a(flash_common_all.o)
                0x08000624                flash_set_ws
 .text.flash_dcache_enable
                0x0800063c       0x14 /home/cesar/Documents/barebones-mcu-compilation/source/LowByteProductions/app/../libopencm3/lib/libopencm3_stm32f4.a(flash_common_idcache.o)
                0x0800063c                flash_dcache_enable
 .text.flash_dcache_disable
                0x08000650       0x14 /home/cesar/Documents/barebones-mcu-compilation/source/LowByteProductions/app/../libopencm3/lib/libopencm3_stm32f4.a(flash_common_idcache.o)
                0x08000650                flash_dcache_disable
 .text.flash_icache_enable
                0x08000664       0x14 /home/cesar/Documents/barebones-mcu-compilation/source/LowByteProductions/app/../libopencm3/lib/libopencm3_stm32f4.a(flash_common_idcache.o)
                0x08000664                flash_icache_enable
 .text.flash_icache_disable
                0x08000678       0x14 /home/cesar/Documents/barebones-mcu-compilation/source/LowByteProductions/app/../libopencm3/lib/libopencm3_stm32f4.a(flash_common_idcache.o)
                0x08000678                flash_icache_disable
 .text.pwr_set_vos_scale
                0x0800068c       0x10 /home/cesar/Documents/barebones-mcu-compilation/source/LowByteProductions/app/../libopencm3/lib/libopencm3_stm32f4.a(pwr.o)
                0x0800068c                pwr_set_vos_scale
                0x0800069c                        . = ALIGN (0x4)
 *(.rodata*)
 .rodata.rcc_hsi_configs
                0x0800069c       0x70 /home/cesar/Documents/barebones-mcu-compilation/source/LowByteProductions/app/../libopencm3/lib/libopencm3_stm32f4.a(rcc.o)
                0x0800069c                rcc_hsi_configs
                0x0800070c                        . = ALIGN (0x4)

.glue_7         0x0800070c        0x0
 .glue_7        0x0800070c        0x0 linker stubs

.glue_7t        0x0800070c        0x0
 .glue_7t       0x0800070c        0x0 linker stubs

.vfp11_veneer   0x0800070c        0x0
 .vfp11_veneer  0x0800070c        0x0 linker stubs

.v4_bx          0x0800070c        0x0
 .v4_bx         0x0800070c        0x0 linker stubs

.iplt           0x0800070c        0x0
 .iplt          0x0800070c        0x0 /home/cesar/Documents/barebones-mcu-compilation/source/LowByteProductions/app/src/firmware.o

.rel.dyn        0x0800070c        0x0
 .rel.iplt      0x0800070c        0x0 /home/cesar/Documents/barebones-mcu-compilation/source/LowByteProductions/app/src/firmware.o

.preinit_array  0x0800070c        0x0
                0x0800070c                        . = ALIGN (0x4)
                0x0800070c                        __preinit_array_start = .
 *(.preinit_array)
                0x0800070c                        __preinit_array_end = .

.init_array     0x0800070c        0x0
                0x0800070c                        . = ALIGN (0x4)
                0x0800070c                        __init_array_start = .
 *(SORT_BY_NAME(.init_array.*))
 *(.init_array)
                0x0800070c                        __init_array_end = .

.fini_array     0x0800070c        0x0
                0x0800070c                        . = ALIGN (0x4)
                0x0800070c                        __fini_array_start = .
 *(.fini_array)
 *(SORT_BY_NAME(.fini_array.*))
                0x0800070c                        __fini_array_end = .

.ARM.extab
 *(.ARM.extab*)

.ARM.exidx      0x0800070c        0x0
                0x0800070c                        __exidx_start = .
 *(.ARM.exidx*)
                0x0800070c                        __exidx_end = .
                0x0800070c                        . = ALIGN (0x4)
                0x0800070c                        _etext = .

.noinit
 *(.noinit*)
                0x0800070c                        . = ALIGN (0x4)

.data           0x20000000        0xc load address 0x0800070c
                0x20000000                        _data = .
 *(.data*)
 .data.rcc_apb2_frequency
                0x20000000        0x4 /home/cesar/Documents/barebones-mcu-compilation/source/LowByteProductions/app/../libopencm3/lib/libopencm3_stm32f4.a(rcc.o)
                0x20000000                rcc_apb2_frequency
 .data.rcc_apb1_frequency
                0x20000004        0x4 /home/cesar/Documents/barebones-mcu-compilation/source/LowByteProductions/app/../libopencm3/lib/libopencm3_stm32f4.a(rcc.o)
                0x20000004                rcc_apb1_frequency
 .data.rcc_ahb_frequency
                0x20000008        0x4 /home/cesar/Documents/barebones-mcu-compilation/source/LowByteProductions/app/../libopencm3/lib/libopencm3_stm32f4.a(rcc.o)
                0x20000008                rcc_ahb_frequency
 *(.ramtext*)
                0x2000000c                        . = ALIGN (0x4)
                0x2000000c                        _edata = .
                0x0800070c                        _data_loadaddr = LOADADDR (.data)

.igot.plt       0x2000000c        0x0 load address 0x08000718
 .igot.plt      0x2000000c        0x0 /home/cesar/Documents/barebones-mcu-compilation/source/LowByteProductions/app/src/firmware.o

.bss            0x2000000c        0x0 load address 0x08000718
 *(.bss*)
 *(COMMON)
                0x2000000c                        . = ALIGN (0x4)
                0x2000000c                        _ebss = .

/DISCARD/
 *(.eh_frame)
                0x2000000c                        . = ALIGN (0x4)
                0x2000000c                        end = .
                0x20018000                        PROVIDE (_stack = (ORIGIN (ram) + LENGTH (ram)))
OUTPUT(/home/cesar/Documents/barebones-mcu-compilation/source/LowByteProductions/app/firmware.elf elf32-littlearm)
LOAD linker stubs

.debug_info     0x00000000     0x2997
 .debug_info    0x00000000      0x77e /home/cesar/Documents/barebones-mcu-compilation/source/LowByteProductions/app/src/firmware.o
 .debug_info    0x0000077e      0x23a /home/cesar/Documents/barebones-mcu-compilation/source/LowByteProductions/app/../libopencm3/lib/libopencm3_stm32f4.a(gpio_common_all.o)
 .debug_info    0x000009b8      0x1f4 /home/cesar/Documents/barebones-mcu-compilation/source/LowByteProductions/app/../libopencm3/lib/libopencm3_stm32f4.a(gpio_common_f0234.o)
 .debug_info    0x00000bac      0x90b /home/cesar/Documents/barebones-mcu-compilation/source/LowByteProductions/app/../libopencm3/lib/libopencm3_stm32f4.a(rcc_common_all.o)
 .debug_info    0x000014b7      0xf7a /home/cesar/Documents/barebones-mcu-compilation/source/LowByteProductions/app/../libopencm3/lib/libopencm3_stm32f4.a(rcc.o)
 .debug_info    0x00002431      0x2cd /home/cesar/Documents/barebones-mcu-compilation/source/LowByteProductions/app/../libopencm3/lib/libopencm3_stm32f4.a(vector.o)
 .debug_info    0x000026fe       0xe5 /home/cesar/Documents/barebones-mcu-compilation/source/LowByteProductions/app/../libopencm3/lib/libopencm3_stm32f4.a(flash_common_all.o)
 .debug_info    0x000027e3       0xdd /home/cesar/Documents/barebones-mcu-compilation/source/LowByteProductions/app/../libopencm3/lib/libopencm3_stm32f4.a(flash_common_idcache.o)
 .debug_info    0x000028c0       0xd7 /home/cesar/Documents/barebones-mcu-compilation/source/LowByteProductions/app/../libopencm3/lib/libopencm3_stm32f4.a(pwr.o)

.debug_abbrev   0x00000000      0xafd
 .debug_abbrev  0x00000000      0x1e0 /home/cesar/Documents/barebones-mcu-compilation/source/LowByteProductions/app/src/firmware.o
 .debug_abbrev  0x000001e0      0x117 /home/cesar/Documents/barebones-mcu-compilation/source/LowByteProductions/app/../libopencm3/lib/libopencm3_stm32f4.a(gpio_common_all.o)
 .debug_abbrev  0x000002f7       0xc3 /home/cesar/Documents/barebones-mcu-compilation/source/LowByteProductions/app/../libopencm3/lib/libopencm3_stm32f4.a(gpio_common_f0234.o)
 .debug_abbrev  0x000003ba      0x186 /home/cesar/Documents/barebones-mcu-compilation/source/LowByteProductions/app/../libopencm3/lib/libopencm3_stm32f4.a(rcc_common_all.o)
 .debug_abbrev  0x00000540      0x2db /home/cesar/Documents/barebones-mcu-compilation/source/LowByteProductions/app/../libopencm3/lib/libopencm3_stm32f4.a(rcc.o)
 .debug_abbrev  0x0000081b      0x15f /home/cesar/Documents/barebones-mcu-compilation/source/LowByteProductions/app/../libopencm3/lib/libopencm3_stm32f4.a(vector.o)
 .debug_abbrev  0x0000097a       0x96 /home/cesar/Documents/barebones-mcu-compilation/source/LowByteProductions/app/../libopencm3/lib/libopencm3_stm32f4.a(flash_common_all.o)
 .debug_abbrev  0x00000a10       0x56 /home/cesar/Documents/barebones-mcu-compilation/source/LowByteProductions/app/../libopencm3/lib/libopencm3_stm32f4.a(flash_common_idcache.o)
 .debug_abbrev  0x00000a66       0x97 /home/cesar/Documents/barebones-mcu-compilation/source/LowByteProductions/app/../libopencm3/lib/libopencm3_stm32f4.a(pwr.o)

.debug_loclists
                0x00000000      0x880
 .debug_loclists
                0x00000000       0x47 /home/cesar/Documents/barebones-mcu-compilation/source/LowByteProductions/app/src/firmware.o
 .debug_loclists
                0x00000047       0x96 /home/cesar/Documents/barebones-mcu-compilation/source/LowByteProductions/app/../libopencm3/lib/libopencm3_stm32f4.a(gpio_common_all.o)
 .debug_loclists
                0x000000dd       0xf9 /home/cesar/Documents/barebones-mcu-compilation/source/LowByteProductions/app/../libopencm3/lib/libopencm3_stm32f4.a(gpio_common_f0234.o)
 .debug_loclists
                0x000001d6       0x87 /home/cesar/Documents/barebones-mcu-compilation/source/LowByteProductions/app/../libopencm3/lib/libopencm3_stm32f4.a(rcc_common_all.o)
 .debug_loclists
                0x0000025d      0x52f /home/cesar/Documents/barebones-mcu-compilation/source/LowByteProductions/app/../libopencm3/lib/libopencm3_stm32f4.a(rcc.o)
 .debug_loclists
                0x0000078c       0xb6 /home/cesar/Documents/barebones-mcu-compilation/source/LowByteProductions/app/../libopencm3/lib/libopencm3_stm32f4.a(vector.o)
 .debug_loclists
                0x00000842       0x17 /home/cesar/Documents/barebones-mcu-compilation/source/LowByteProductions/app/../libopencm3/lib/libopencm3_stm32f4.a(flash_common_all.o)
 .debug_loclists
                0x00000859       0x27 /home/cesar/Documents/barebones-mcu-compilation/source/LowByteProductions/app/../libopencm3/lib/libopencm3_stm32f4.a(pwr.o)

.debug_aranges  0x00000000      0x300
 .debug_aranges
                0x00000000       0x20 /home/cesar/Documents/barebones-mcu-compilation/source/LowByteProductions/app/src/firmware.o
 .debug_aranges
                0x00000020       0x50 /home/cesar/Documents/barebones-mcu-compilation/source/LowByteProductions/app/../libopencm3/lib/libopencm3_stm32f4.a(gpio_common_all.o)
 .debug_aranges
                0x00000070       0x30 /home/cesar/Documents/barebones-mcu-compilation/source/LowByteProductions/app/../libopencm3/lib/libopencm3_stm32f4.a(gpio_common_f0234.o)
 .debug_aranges
                0x000000a0       0x80 /home/cesar/Documents/barebones-mcu-compilation/source/LowByteProductions/app/../libopencm3/lib/libopencm3_stm32f4.a(rcc_common_all.o)
 .debug_aranges
                0x00000120      0x110 /home/cesar/Documents/barebones-mcu-compilation/source/LowByteProductions/app/../libopencm3/lib/libopencm3_stm32f4.a(rcc.o)
 .debug_aranges
                0x00000230       0x30 /home/cesar/Documents/barebones-mcu-compilation/source/LowByteProductions/app/../libopencm3/lib/libopencm3_stm32f4.a(vector.o)
 .debug_aranges
                0x00000260       0x38 /home/cesar/Documents/barebones-mcu-compilation/source/LowByteProductions/app/../libopencm3/lib/libopencm3_stm32f4.a(flash_common_all.o)
 .debug_aranges
                0x00000298       0x48 /home/cesar/Documents/barebones-mcu-compilation/source/LowByteProductions/app/../libopencm3/lib/libopencm3_stm32f4.a(flash_common_idcache.o)
 .debug_aranges
                0x000002e0       0x20 /home/cesar/Documents/barebones-mcu-compilation/source/LowByteProductions/app/../libopencm3/lib/libopencm3_stm32f4.a(pwr.o)

.debug_rnglists
                0x00000000      0x248
 .debug_rnglists
                0x00000000       0x2e /home/cesar/Documents/barebones-mcu-compilation/source/LowByteProductions/app/src/firmware.o
 .debug_rnglists
                0x0000002e       0x37 /home/cesar/Documents/barebones-mcu-compilation/source/LowByteProductions/app/../libopencm3/lib/libopencm3_stm32f4.a(gpio_common_all.o)
 .debug_rnglists
                0x00000065       0x1f /home/cesar/Documents/barebones-mcu-compilation/source/LowByteProductions/app/../libopencm3/lib/libopencm3_stm32f4.a(gpio_common_f0234.o)
 .debug_rnglists
                0x00000084       0x5b /home/cesar/Documents/barebones-mcu-compilation/source/LowByteProductions/app/../libopencm3/lib/libopencm3_stm32f4.a(rcc_common_all.o)
 .debug_rnglists
                0x000000df       0xe0 /home/cesar/Documents/barebones-mcu-compilation/source/LowByteProductions/app/../libopencm3/lib/libopencm3_stm32f4.a(rcc.o)
 .debug_rnglists
                0x000001bf       0x20 /home/cesar/Documents/barebones-mcu-compilation/source/LowByteProductions/app/../libopencm3/lib/libopencm3_stm32f4.a(vector.o)
 .debug_rnglists
                0x000001df       0x25 /home/cesar/Documents/barebones-mcu-compilation/source/LowByteProductions/app/../libopencm3/lib/libopencm3_stm32f4.a(flash_common_all.o)
 .debug_rnglists
                0x00000204       0x31 /home/cesar/Documents/barebones-mcu-compilation/source/LowByteProductions/app/../libopencm3/lib/libopencm3_stm32f4.a(flash_common_idcache.o)
 .debug_rnglists
                0x00000235       0x13 /home/cesar/Documents/barebones-mcu-compilation/source/LowByteProductions/app/../libopencm3/lib/libopencm3_stm32f4.a(pwr.o)

.debug_macro    0x00000000     0x3298
 .debug_macro   0x00000000       0xce /home/cesar/Documents/barebones-mcu-compilation/source/LowByteProductions/app/src/firmware.o
 .debug_macro   0x000000ce      0xacc /home/cesar/Documents/barebones-mcu-compilation/source/LowByteProductions/app/src/firmware.o
 .debug_macro   0x00000b9a       0x1c /home/cesar/Documents/barebones-mcu-compilation/source/LowByteProductions/app/src/firmware.o
 .debug_macro   0x00000bb6      0x34e /home/cesar/Documents/barebones-mcu-compilation/source/LowByteProductions/app/src/firmware.o
 .debug_macro   0x00000f04       0x22 /home/cesar/Documents/barebones-mcu-compilation/source/LowByteProductions/app/src/firmware.o
 .debug_macro   0x00000f26       0xe8 /home/cesar/Documents/barebones-mcu-compilation/source/LowByteProductions/app/src/firmware.o
 .debug_macro   0x0000100e       0x76 /home/cesar/Documents/barebones-mcu-compilation/source/LowByteProductions/app/src/firmware.o
 .debug_macro   0x00001084      0x280 /home/cesar/Documents/barebones-mcu-compilation/source/LowByteProductions/app/src/firmware.o
 .debug_macro   0x00001304       0x76 /home/cesar/Documents/barebones-mcu-compilation/source/LowByteProductions/app/src/firmware.o
 .debug_macro   0x0000137a      0x37e /home/cesar/Documents/barebones-mcu-compilation/source/LowByteProductions/app/src/firmware.o
 .debug_macro   0x000016f8       0xca /home/cesar/Documents/barebones-mcu-compilation/source/LowByteProductions/app/src/firmware.o
 .debug_macro   0x000017c2       0x8e /home/cesar/Documents/barebones-mcu-compilation/source/LowByteProductions/app/src/firmware.o
 .debug_macro   0x00001850       0x46 /home/cesar/Documents/barebones-mcu-compilation/source/LowByteProductions/app/src/firmware.o
 .debug_macro   0x00001896      0xcea /home/cesar/Documents/barebones-mcu-compilation/source/LowByteProductions/app/src/firmware.o
 .debug_macro   0x00002580       0x88 /home/cesar/Documents/barebones-mcu-compilation/source/LowByteProductions/app/../libopencm3/lib/libopencm3_stm32f4.a(gpio_common_all.o)
 .debug_macro   0x00002608       0x88 /home/cesar/Documents/barebones-mcu-compilation/source/LowByteProductions/app/../libopencm3/lib/libopencm3_stm32f4.a(gpio_common_f0234.o)
 .debug_macro   0x00002690       0xa7 /home/cesar/Documents/barebones-mcu-compilation/source/LowByteProductions/app/../libopencm3/lib/libopencm3_stm32f4.a(rcc_common_all.o)
 .debug_macro   0x00002737       0xdb /home/cesar/Documents/barebones-mcu-compilation/source/LowByteProductions/app/../libopencm3/lib/libopencm3_stm32f4.a(rcc.o)
 .debug_macro   0x00002812       0x16 /home/cesar/Documents/barebones-mcu-compilation/source/LowByteProductions/app/../libopencm3/lib/libopencm3_stm32f4.a(rcc.o)
 .debug_macro   0x00002828       0x1c /home/cesar/Documents/barebones-mcu-compilation/source/LowByteProductions/app/../libopencm3/lib/libopencm3_stm32f4.a(rcc.o)
 .debug_macro   0x00002844      0x143 /home/cesar/Documents/barebones-mcu-compilation/source/LowByteProductions/app/../libopencm3/lib/libopencm3_stm32f4.a(rcc.o)
 .debug_macro   0x00002987       0x10 /home/cesar/Documents/barebones-mcu-compilation/source/LowByteProductions/app/../libopencm3/lib/libopencm3_stm32f4.a(rcc.o)
 .debug_macro   0x00002997       0x8a /home/cesar/Documents/barebones-mcu-compilation/source/LowByteProductions/app/../libopencm3/lib/libopencm3_stm32f4.a(vector.o)
 .debug_macro   0x00002a21      0x452 /home/cesar/Documents/barebones-mcu-compilation/source/LowByteProductions/app/../libopencm3/lib/libopencm3_stm32f4.a(vector.o)
 .debug_macro   0x00002e73       0x6e /home/cesar/Documents/barebones-mcu-compilation/source/LowByteProductions/app/../libopencm3/lib/libopencm3_stm32f4.a(vector.o)
 .debug_macro   0x00002ee1      0x22c /home/cesar/Documents/barebones-mcu-compilation/source/LowByteProductions/app/../libopencm3/lib/libopencm3_stm32f4.a(vector.o)
 .debug_macro   0x0000310d       0x8e /home/cesar/Documents/barebones-mcu-compilation/source/LowByteProductions/app/../libopencm3/lib/libopencm3_stm32f4.a(flash_common_all.o)
 .debug_macro   0x0000319b       0x8e /home/cesar/Documents/barebones-mcu-compilation/source/LowByteProductions/app/../libopencm3/lib/libopencm3_stm32f4.a(flash_common_idcache.o)
 .debug_macro   0x00003229       0x6f /home/cesar/Documents/barebones-mcu-compilation/source/LowByteProductions/app/../libopencm3/lib/libopencm3_stm32f4.a(pwr.o)

.debug_line     0x00000000     0x2009
 .debug_line    0x00000000      0x3ef /home/cesar/Documents/barebones-mcu-compilation/source/LowByteProductions/app/src/firmware.o
 .debug_line    0x000003ef      0x2a6 /home/cesar/Documents/barebones-mcu-compilation/source/LowByteProductions/app/../libopencm3/lib/libopencm3_stm32f4.a(gpio_common_all.o)
 .debug_line    0x00000695      0x381 /home/cesar/Documents/barebones-mcu-compilation/source/LowByteProductions/app/../libopencm3/lib/libopencm3_stm32f4.a(gpio_common_f0234.o)
 .debug_line    0x00000a16      0x344 /home/cesar/Documents/barebones-mcu-compilation/source/LowByteProductions/app/../libopencm3/lib/libopencm3_stm32f4.a(rcc_common_all.o)
 .debug_line    0x00000d5a      0x9ad /home/cesar/Documents/barebones-mcu-compilation/source/LowByteProductions/app/../libopencm3/lib/libopencm3_stm32f4.a(rcc.o)
 .debug_line    0x00001707      0x2da /home/cesar/Documents/barebones-mcu-compilation/source/LowByteProductions/app/../libopencm3/lib/libopencm3_stm32f4.a(vector.o)
 .debug_line    0x000019e1      0x246 /home/cesar/Documents/barebones-mcu-compilation/source/LowByteProductions/app/../libopencm3/lib/libopencm3_stm32f4.a(flash_common_all.o)
 .debug_line    0x00001c27      0x25f /home/cesar/Documents/barebones-mcu-compilation/source/LowByteProductions/app/../libopencm3/lib/libopencm3_stm32f4.a(flash_common_idcache.o)
 .debug_line    0x00001e86      0x183 /home/cesar/Documents/barebones-mcu-compilation/source/LowByteProductions/app/../libopencm3/lib/libopencm3_stm32f4.a(pwr.o)

.debug_str      0x00000000     0xe65f
 .debug_str     0x00000000     0xe65f /home/cesar/Documents/barebones-mcu-compilation/source/LowByteProductions/app/src/firmware.o
                               0xa870 (size before relaxing)
 .debug_str     0x0000e65f     0x6394 /home/cesar/Documents/barebones-mcu-compilation/source/LowByteProductions/app/../libopencm3/lib/libopencm3_stm32f4.a(gpio_common_all.o)
 .debug_str     0x0000e65f     0x63ac /home/cesar/Documents/barebones-mcu-compilation/source/LowByteProductions/app/../libopencm3/lib/libopencm3_stm32f4.a(gpio_common_f0234.o)
 .debug_str     0x0000e65f     0x9749 /home/cesar/Documents/barebones-mcu-compilation/source/LowByteProductions/app/../libopencm3/lib/libopencm3_stm32f4.a(rcc_common_all.o)
 .debug_str     0x0000e65f     0x9fdf /home/cesar/Documents/barebones-mcu-compilation/source/LowByteProductions/app/../libopencm3/lib/libopencm3_stm32f4.a(rcc.o)
 .debug_str     0x0000e65f     0x6c54 /home/cesar/Documents/barebones-mcu-compilation/source/LowByteProductions/app/../libopencm3/lib/libopencm3_stm32f4.a(vector.o)
 .debug_str     0x0000e65f     0x5717 /home/cesar/Documents/barebones-mcu-compilation/source/LowByteProductions/app/../libopencm3/lib/libopencm3_stm32f4.a(flash_common_all.o)
 .debug_str     0x0000e65f     0x5739 /home/cesar/Documents/barebones-mcu-compilation/source/LowByteProductions/app/../libopencm3/lib/libopencm3_stm32f4.a(flash_common_idcache.o)
 .debug_str     0x0000e65f     0x5372 /home/cesar/Documents/barebones-mcu-compilation/source/LowByteProductions/app/../libopencm3/lib/libopencm3_stm32f4.a(pwr.o)

.comment        0x00000000       0x26
 .comment       0x00000000       0x26 /home/cesar/Documents/barebones-mcu-compilation/source/LowByteProductions/app/src/firmware.o
                                 0x27 (size before relaxing)
 .comment       0x00000026       0x27 /home/cesar/Documents/barebones-mcu-compilation/source/LowByteProductions/app/../libopencm3/lib/libopencm3_stm32f4.a(gpio_common_all.o)
 .comment       0x00000026       0x27 /home/cesar/Documents/barebones-mcu-compilation/source/LowByteProductions/app/../libopencm3/lib/libopencm3_stm32f4.a(gpio_common_f0234.o)
 .comment       0x00000026       0x27 /home/cesar/Documents/barebones-mcu-compilation/source/LowByteProductions/app/../libopencm3/lib/libopencm3_stm32f4.a(rcc_common_all.o)
 .comment       0x00000026       0x27 /home/cesar/Documents/barebones-mcu-compilation/source/LowByteProductions/app/../libopencm3/lib/libopencm3_stm32f4.a(rcc.o)
 .comment       0x00000026       0x27 /home/cesar/Documents/barebones-mcu-compilation/source/LowByteProductions/app/../libopencm3/lib/libopencm3_stm32f4.a(vector.o)
 .comment       0x00000026       0x27 /home/cesar/Documents/barebones-mcu-compilation/source/LowByteProductions/app/../libopencm3/lib/libopencm3_stm32f4.a(flash_common_all.o)
 .comment       0x00000026       0x27 /home/cesar/Documents/barebones-mcu-compilation/source/LowByteProductions/app/../libopencm3/lib/libopencm3_stm32f4.a(flash_common_idcache.o)
 .comment       0x00000026       0x27 /home/cesar/Documents/barebones-mcu-compilation/source/LowByteProductions/app/../libopencm3/lib/libopencm3_stm32f4.a(pwr.o)

.ARM.attributes
                0x00000000       0x34
 .ARM.attributes
                0x00000000       0x34 /home/cesar/Documents/barebones-mcu-compilation/source/LowByteProductions/app/src/firmware.o
 .ARM.attributes
                0x00000034       0x34 /home/cesar/Documents/barebones-mcu-compilation/source/LowByteProductions/app/../libopencm3/lib/libopencm3_stm32f4.a(gpio_common_all.o)
 .ARM.attributes
                0x00000068       0x34 /home/cesar/Documents/barebones-mcu-compilation/source/LowByteProductions/app/../libopencm3/lib/libopencm3_stm32f4.a(gpio_common_f0234.o)
 .ARM.attributes
                0x0000009c       0x34 /home/cesar/Documents/barebones-mcu-compilation/source/LowByteProductions/app/../libopencm3/lib/libopencm3_stm32f4.a(rcc_common_all.o)
 .ARM.attributes
                0x000000d0       0x34 /home/cesar/Documents/barebones-mcu-compilation/source/LowByteProductions/app/../libopencm3/lib/libopencm3_stm32f4.a(rcc.o)
 .ARM.attributes
                0x00000104       0x34 /home/cesar/Documents/barebones-mcu-compilation/source/LowByteProductions/app/../libopencm3/lib/libopencm3_stm32f4.a(vector.o)
 .ARM.attributes
                0x00000138       0x34 /home/cesar/Documents/barebones-mcu-compilation/source/LowByteProductions/app/../libopencm3/lib/libopencm3_stm32f4.a(flash_common_all.o)
 .ARM.attributes
                0x0000016c       0x34 /home/cesar/Documents/barebones-mcu-compilation/source/LowByteProductions/app/../libopencm3/lib/libopencm3_stm32f4.a(flash_common_idcache.o)
 .ARM.attributes
                0x000001a0       0x34 /home/cesar/Documents/barebones-mcu-compilation/source/LowByteProductions/app/../libopencm3/lib/libopencm3_stm32f4.a(pwr.o)

.debug_frame    0x00000000      0x558
 .debug_frame   0x00000000       0x28 /home/cesar/Documents/barebones-mcu-compilation/source/LowByteProductions/app/src/firmware.o
 .debug_frame   0x00000028       0x80 /home/cesar/Documents/barebones-mcu-compilation/source/LowByteProductions/app/../libopencm3/lib/libopencm3_stm32f4.a(gpio_common_all.o)
 .debug_frame   0x000000a8       0x70 /home/cesar/Documents/barebones-mcu-compilation/source/LowByteProductions/app/../libopencm3/lib/libopencm3_stm32f4.a(gpio_common_f0234.o)
 .debug_frame   0x00000118       0xe0 /home/cesar/Documents/barebones-mcu-compilation/source/LowByteProductions/app/../libopencm3/lib/libopencm3_stm32f4.a(rcc_common_all.o)
 .debug_frame   0x000001f8      0x234 /home/cesar/Documents/barebones-mcu-compilation/source/LowByteProductions/app/../libopencm3/lib/libopencm3_stm32f4.a(rcc.o)
 .debug_frame   0x0000042c       0x4c /home/cesar/Documents/barebones-mcu-compilation/source/LowByteProductions/app/../libopencm3/lib/libopencm3_stm32f4.a(vector.o)
 .debug_frame   0x00000478       0x50 /home/cesar/Documents/barebones-mcu-compilation/source/LowByteProductions/app/../libopencm3/lib/libopencm3_stm32f4.a(flash_common_all.o)
 .debug_frame   0x000004c8       0x70 /home/cesar/Documents/barebones-mcu-compilation/source/LowByteProductions/app/../libopencm3/lib/libopencm3_stm32f4.a(flash_common_idcache.o)
 .debug_frame   0x00000538       0x20 /home/cesar/Documents/barebones-mcu-compilation/source/LowByteProductions/app/../libopencm3/lib/libopencm3_stm32f4.a(pwr.o)

Cross Reference Table

Symbol                                            File
__fini_array_end                                  /home/cesar/Documents/barebones-mcu-compilation/source/LowByteProductions/app/../libopencm3/lib/libopencm3_stm32f4.a(vector.o)
__fini_array_start                                /home/cesar/Documents/barebones-mcu-compilation/source/LowByteProductions/app/../libopencm3/lib/libopencm3_stm32f4.a(vector.o)
__init_array_end                                  /home/cesar/Documents/barebones-mcu-compilation/source/LowByteProductions/app/../libopencm3/lib/libopencm3_stm32f4.a(vector.o)
__init_array_start                                /home/cesar/Documents/barebones-mcu-compilation/source/LowByteProductions/app/../libopencm3/lib/libopencm3_stm32f4.a(vector.o)
__preinit_array_end                               /home/cesar/Documents/barebones-mcu-compilation/source/LowByteProductions/app/../libopencm3/lib/libopencm3_stm32f4.a(vector.o)
__preinit_array_start                             /home/cesar/Documents/barebones-mcu-compilation/source/LowByteProductions/app/../libopencm3/lib/libopencm3_stm32f4.a(vector.o)
_data                                             /home/cesar/Documents/barebones-mcu-compilation/source/LowByteProductions/app/../libopencm3/lib/libopencm3_stm32f4.a(vector.o)
_data_loadaddr                                    /home/cesar/Documents/barebones-mcu-compilation/source/LowByteProductions/app/../libopencm3/lib/libopencm3_stm32f4.a(vector.o)
_ebss                                             /home/cesar/Documents/barebones-mcu-compilation/source/LowByteProductions/app/../libopencm3/lib/libopencm3_stm32f4.a(vector.o)
_edata                                            /home/cesar/Documents/barebones-mcu-compilation/source/LowByteProductions/app/../libopencm3/lib/libopencm3_stm32f4.a(vector.o)
_stack                                            /home/cesar/Documents/barebones-mcu-compilation/source/LowByteProductions/app/../libopencm3/lib/libopencm3_stm32f4.a(vector.o)
adc_isr                                           /home/cesar/Documents/barebones-mcu-compilation/source/LowByteProductions/app/../libopencm3/lib/libopencm3_stm32f4.a(vector.o)
blocking_handler                                  /home/cesar/Documents/barebones-mcu-compilation/source/LowByteProductions/app/../libopencm3/lib/libopencm3_stm32f4.a(vector.o)
bus_fault_handler                                 /home/cesar/Documents/barebones-mcu-compilation/source/LowByteProductions/app/../libopencm3/lib/libopencm3_stm32f4.a(vector.o)
can1_rx0_isr                                      /home/cesar/Documents/barebones-mcu-compilation/source/LowByteProductions/app/../libopencm3/lib/libopencm3_stm32f4.a(vector.o)
can1_rx1_isr                                      /home/cesar/Documents/barebones-mcu-compilation/source/LowByteProductions/app/../libopencm3/lib/libopencm3_stm32f4.a(vector.o)
can1_sce_isr                                      /home/cesar/Documents/barebones-mcu-compilation/source/LowByteProductions/app/../libopencm3/lib/libopencm3_stm32f4.a(vector.o)
can1_tx_isr                                       /home/cesar/Documents/barebones-mcu-compilation/source/LowByteProductions/app/../libopencm3/lib/libopencm3_stm32f4.a(vector.o)
can2_rx0_isr                                      /home/cesar/Documents/barebones-mcu-compilation/source/LowByteProductions/app/../libopencm3/lib/libopencm3_stm32f4.a(vector.o)
can2_rx1_isr                                      /home/cesar/Documents/barebones-mcu-compilation/source/LowByteProductions/app/../libopencm3/lib/libopencm3_stm32f4.a(vector.o)
can2_sce_isr                                      /home/cesar/Documents/barebones-mcu-compilation/source/LowByteProductions/app/../libopencm3/lib/libopencm3_stm32f4.a(vector.o)
can2_tx_isr                                       /home/cesar/Documents/barebones-mcu-compilation/source/LowByteProductions/app/../libopencm3/lib/libopencm3_stm32f4.a(vector.o)
cryp_isr                                          /home/cesar/Documents/barebones-mcu-compilation/source/LowByteProductions/app/../libopencm3/lib/libopencm3_stm32f4.a(vector.o)
dcmi_isr                                          /home/cesar/Documents/barebones-mcu-compilation/source/LowByteProductions/app/../libopencm3/lib/libopencm3_stm32f4.a(vector.o)
debug_monitor_handler                             /home/cesar/Documents/barebones-mcu-compilation/source/LowByteProductions/app/../libopencm3/lib/libopencm3_stm32f4.a(vector.o)
dma1_stream0_isr                                  /home/cesar/Documents/barebones-mcu-compilation/source/LowByteProductions/app/../libopencm3/lib/libopencm3_stm32f4.a(vector.o)
dma1_stream1_isr                                  /home/cesar/Documents/barebones-mcu-compilation/source/LowByteProductions/app/../libopencm3/lib/libopencm3_stm32f4.a(vector.o)
dma1_stream2_isr                                  /home/cesar/Documents/barebones-mcu-compilation/source/LowByteProductions/app/../libopencm3/lib/libopencm3_stm32f4.a(vector.o)
dma1_stream3_isr                                  /home/cesar/Documents/barebones-mcu-compilation/source/LowByteProductions/app/../libopencm3/lib/libopencm3_stm32f4.a(vector.o)
dma1_stream4_isr                                  /home/cesar/Documents/barebones-mcu-compilation/source/LowByteProductions/app/../libopencm3/lib/libopencm3_stm32f4.a(vector.o)
dma1_stream5_isr                                  /home/cesar/Documents/barebones-mcu-compilation/source/LowByteProductions/app/../libopencm3/lib/libopencm3_stm32f4.a(vector.o)
dma1_stream6_isr                                  /home/cesar/Documents/barebones-mcu-compilation/source/LowByteProductions/app/../libopencm3/lib/libopencm3_stm32f4.a(vector.o)
dma1_stream7_isr                                  /home/cesar/Documents/barebones-mcu-compilation/source/LowByteProductions/app/../libopencm3/lib/libopencm3_stm32f4.a(vector.o)
dma2_stream0_isr                                  /home/cesar/Documents/barebones-mcu-compilation/source/LowByteProductions/app/../libopencm3/lib/libopencm3_stm32f4.a(vector.o)
dma2_stream1_isr                                  /home/cesar/Documents/barebones-mcu-compilation/source/LowByteProductions/app/../libopencm3/lib/libopencm3_stm32f4.a(vector.o)
dma2_stream2_isr                                  /home/cesar/Documents/barebones-mcu-compilation/source/LowByteProductions/app/../libopencm3/lib/libopencm3_stm32f4.a(vector.o)
dma2_stream3_isr                                  /home/cesar/Documents/barebones-mcu-compilation/source/LowByteProductions/app/../libopencm3/lib/libopencm3_stm32f4.a(vector.o)
dma2_stream4_isr                                  /home/cesar/Documents/barebones-mcu-compilation/source/LowByteProductions/app/../libopencm3/lib/libopencm3_stm32f4.a(vector.o)
dma2_stream5_isr                                  /home/cesar/Documents/barebones-mcu-compilation/source/LowByteProductions/app/../libopencm3/lib/libopencm3_stm32f4.a(vector.o)
dma2_stream6_isr                                  /home/cesar/Documents/barebones-mcu-compilation/source/LowByteProductions/app/../libopencm3/lib/libopencm3_stm32f4.a(vector.o)
dma2_stream7_isr                                  /home/cesar/Documents/barebones-mcu-compilation/source/LowByteProductions/app/../libopencm3/lib/libopencm3_stm32f4.a(vector.o)
dma2d_isr                                         /home/cesar/Documents/barebones-mcu-compilation/source/LowByteProductions/app/../libopencm3/lib/libopencm3_stm32f4.a(vector.o)
eth_isr                                           /home/cesar/Documents/barebones-mcu-compilation/source/LowByteProductions/app/../libopencm3/lib/libopencm3_stm32f4.a(vector.o)
eth_wkup_isr                                      /home/cesar/Documents/barebones-mcu-compilation/source/LowByteProductions/app/../libopencm3/lib/libopencm3_stm32f4.a(vector.o)
exti0_isr                                         /home/cesar/Documents/barebones-mcu-compilation/source/LowByteProductions/app/../libopencm3/lib/libopencm3_stm32f4.a(vector.o)
exti15_10_isr                                     /home/cesar/Documents/barebones-mcu-compilation/source/LowByteProductions/app/../libopencm3/lib/libopencm3_stm32f4.a(vector.o)
exti1_isr                                         /home/cesar/Documents/barebones-mcu-compilation/source/LowByteProductions/app/../libopencm3/lib/libopencm3_stm32f4.a(vector.o)
exti2_isr                                         /home/cesar/Documents/barebones-mcu-compilation/source/LowByteProductions/app/../libopencm3/lib/libopencm3_stm32f4.a(vector.o)
exti3_isr                                         /home/cesar/Documents/barebones-mcu-compilation/source/LowByteProductions/app/../libopencm3/lib/libopencm3_stm32f4.a(vector.o)
exti4_isr                                         /home/cesar/Documents/barebones-mcu-compilation/source/LowByteProductions/app/../libopencm3/lib/libopencm3_stm32f4.a(vector.o)
exti9_5_isr                                       /home/cesar/Documents/barebones-mcu-compilation/source/LowByteProductions/app/../libopencm3/lib/libopencm3_stm32f4.a(vector.o)
flash_dcache_disable                              /home/cesar/Documents/barebones-mcu-compilation/source/LowByteProductions/app/../libopencm3/lib/libopencm3_stm32f4.a(flash_common_idcache.o)
                                                  /home/cesar/Documents/barebones-mcu-compilation/source/LowByteProductions/app/../libopencm3/lib/libopencm3_stm32f4.a(rcc.o)
flash_dcache_enable                               /home/cesar/Documents/barebones-mcu-compilation/source/LowByteProductions/app/../libopencm3/lib/libopencm3_stm32f4.a(flash_common_idcache.o)
                                                  /home/cesar/Documents/barebones-mcu-compilation/source/LowByteProductions/app/../libopencm3/lib/libopencm3_stm32f4.a(rcc.o)
flash_dcache_reset                                /home/cesar/Documents/barebones-mcu-compilation/source/LowByteProductions/app/../libopencm3/lib/libopencm3_stm32f4.a(flash_common_idcache.o)
flash_icache_disable                              /home/cesar/Documents/barebones-mcu-compilation/source/LowByteProductions/app/../libopencm3/lib/libopencm3_stm32f4.a(flash_common_idcache.o)
                                                  /home/cesar/Documents/barebones-mcu-compilation/source/LowByteProductions/app/../libopencm3/lib/libopencm3_stm32f4.a(rcc.o)
flash_icache_enable                               /home/cesar/Documents/barebones-mcu-compilation/source/LowByteProductions/app/../libopencm3/lib/libopencm3_stm32f4.a(flash_common_idcache.o)
                                                  /home/cesar/Documents/barebones-mcu-compilation/source/LowByteProductions/app/../libopencm3/lib/libopencm3_stm32f4.a(rcc.o)
flash_icache_reset                                /home/cesar/Documents/barebones-mcu-compilation/source/LowByteProductions/app/../libopencm3/lib/libopencm3_stm32f4.a(flash_common_idcache.o)
flash_isr                                         /home/cesar/Documents/barebones-mcu-compilation/source/LowByteProductions/app/../libopencm3/lib/libopencm3_stm32f4.a(vector.o)
flash_prefetch_disable                            /home/cesar/Documents/barebones-mcu-compilation/source/LowByteProductions/app/../libopencm3/lib/libopencm3_stm32f4.a(flash_common_all.o)
flash_prefetch_enable                             /home/cesar/Documents/barebones-mcu-compilation/source/LowByteProductions/app/../libopencm3/lib/libopencm3_stm32f4.a(flash_common_all.o)
flash_set_ws                                      /home/cesar/Documents/barebones-mcu-compilation/source/LowByteProductions/app/../libopencm3/lib/libopencm3_stm32f4.a(flash_common_all.o)
                                                  /home/cesar/Documents/barebones-mcu-compilation/source/LowByteProductions/app/../libopencm3/lib/libopencm3_stm32f4.a(rcc.o)
flash_unlock_option_bytes                         /home/cesar/Documents/barebones-mcu-compilation/source/LowByteProductions/app/../libopencm3/lib/libopencm3_stm32f4.a(flash_common_all.o)
fpu_isr                                           /home/cesar/Documents/barebones-mcu-compilation/source/LowByteProductions/app/../libopencm3/lib/libopencm3_stm32f4.a(vector.o)
fsmc_isr                                          /home/cesar/Documents/barebones-mcu-compilation/source/LowByteProductions/app/../libopencm3/lib/libopencm3_stm32f4.a(vector.o)
gpio_clear                                        /home/cesar/Documents/barebones-mcu-compilation/source/LowByteProductions/app/../libopencm3/lib/libopencm3_stm32f4.a(gpio_common_all.o)
gpio_get                                          /home/cesar/Documents/barebones-mcu-compilation/source/LowByteProductions/app/../libopencm3/lib/libopencm3_stm32f4.a(gpio_common_all.o)
gpio_mode_setup                                   /home/cesar/Documents/barebones-mcu-compilation/source/LowByteProductions/app/../libopencm3/lib/libopencm3_stm32f4.a(gpio_common_f0234.o)
                                                  /home/cesar/Documents/barebones-mcu-compilation/source/LowByteProductions/app/src/firmware.o
gpio_port_config_lock                             /home/cesar/Documents/barebones-mcu-compilation/source/LowByteProductions/app/../libopencm3/lib/libopencm3_stm32f4.a(gpio_common_all.o)
gpio_port_read                                    /home/cesar/Documents/barebones-mcu-compilation/source/LowByteProductions/app/../libopencm3/lib/libopencm3_stm32f4.a(gpio_common_all.o)
gpio_port_write                                   /home/cesar/Documents/barebones-mcu-compilation/source/LowByteProductions/app/../libopencm3/lib/libopencm3_stm32f4.a(gpio_common_all.o)
gpio_set                                          /home/cesar/Documents/barebones-mcu-compilation/source/LowByteProductions/app/../libopencm3/lib/libopencm3_stm32f4.a(gpio_common_all.o)
gpio_set_af                                       /home/cesar/Documents/barebones-mcu-compilation/source/LowByteProductions/app/../libopencm3/lib/libopencm3_stm32f4.a(gpio_common_f0234.o)
gpio_set_output_options                           /home/cesar/Documents/barebones-mcu-compilation/source/LowByteProductions/app/../libopencm3/lib/libopencm3_stm32f4.a(gpio_common_f0234.o)
gpio_toggle                                       /home/cesar/Documents/barebones-mcu-compilation/source/LowByteProductions/app/../libopencm3/lib/libopencm3_stm32f4.a(gpio_common_all.o)
                                                  /home/cesar/Documents/barebones-mcu-compilation/source/LowByteProductions/app/src/firmware.o
hard_fault_handler                                /home/cesar/Documents/barebones-mcu-compilation/source/LowByteProductions/app/../libopencm3/lib/libopencm3_stm32f4.a(vector.o)
hash_rng_isr                                      /home/cesar/Documents/barebones-mcu-compilation/source/LowByteProductions/app/../libopencm3/lib/libopencm3_stm32f4.a(vector.o)
i2c1_er_isr                                       /home/cesar/Documents/barebones-mcu-compilation/source/LowByteProductions/app/../libopencm3/lib/libopencm3_stm32f4.a(vector.o)
i2c1_ev_isr                                       /home/cesar/Documents/barebones-mcu-compilation/source/LowByteProductions/app/../libopencm3/lib/libopencm3_stm32f4.a(vector.o)
i2c2_er_isr                                       /home/cesar/Documents/barebones-mcu-compilation/source/LowByteProductions/app/../libopencm3/lib/libopencm3_stm32f4.a(vector.o)
i2c2_ev_isr                                       /home/cesar/Documents/barebones-mcu-compilation/source/LowByteProductions/app/../libopencm3/lib/libopencm3_stm32f4.a(vector.o)
i2c3_er_isr                                       /home/cesar/Documents/barebones-mcu-compilation/source/LowByteProductions/app/../libopencm3/lib/libopencm3_stm32f4.a(vector.o)
i2c3_ev_isr                                       /home/cesar/Documents/barebones-mcu-compilation/source/LowByteProductions/app/../libopencm3/lib/libopencm3_stm32f4.a(vector.o)
lcd_tft_err_isr                                   /home/cesar/Documents/barebones-mcu-compilation/source/LowByteProductions/app/../libopencm3/lib/libopencm3_stm32f4.a(vector.o)
lcd_tft_isr                                       /home/cesar/Documents/barebones-mcu-compilation/source/LowByteProductions/app/../libopencm3/lib/libopencm3_stm32f4.a(vector.o)
main                                              /home/cesar/Documents/barebones-mcu-compilation/source/LowByteProductions/app/src/firmware.o
                                                  /home/cesar/Documents/barebones-mcu-compilation/source/LowByteProductions/app/../libopencm3/lib/libopencm3_stm32f4.a(vector.o)
mem_manage_handler                                /home/cesar/Documents/barebones-mcu-compilation/source/LowByteProductions/app/../libopencm3/lib/libopencm3_stm32f4.a(vector.o)
nmi_handler                                       /home/cesar/Documents/barebones-mcu-compilation/source/LowByteProductions/app/../libopencm3/lib/libopencm3_stm32f4.a(vector.o)
null_handler                                      /home/cesar/Documents/barebones-mcu-compilation/source/LowByteProductions/app/../libopencm3/lib/libopencm3_stm32f4.a(vector.o)
nvic_wwdg_isr                                     /home/cesar/Documents/barebones-mcu-compilation/source/LowByteProductions/app/../libopencm3/lib/libopencm3_stm32f4.a(vector.o)
otg_fs_isr                                        /home/cesar/Documents/barebones-mcu-compilation/source/LowByteProductions/app/../libopencm3/lib/libopencm3_stm32f4.a(vector.o)
otg_hs_ep1_in_isr                                 /home/cesar/Documents/barebones-mcu-compilation/source/LowByteProductions/app/../libopencm3/lib/libopencm3_stm32f4.a(vector.o)
otg_hs_ep1_out_isr                                /home/cesar/Documents/barebones-mcu-compilation/source/LowByteProductions/app/../libopencm3/lib/libopencm3_stm32f4.a(vector.o)
otg_hs_isr                                        /home/cesar/Documents/barebones-mcu-compilation/source/LowByteProductions/app/../libopencm3/lib/libopencm3_stm32f4.a(vector.o)
otg_hs_wkup_isr                                   /home/cesar/Documents/barebones-mcu-compilation/source/LowByteProductions/app/../libopencm3/lib/libopencm3_stm32f4.a(vector.o)
pend_sv_handler                                   /home/cesar/Documents/barebones-mcu-compilation/source/LowByteProductions/app/../libopencm3/lib/libopencm3_stm32f4.a(vector.o)
pvd_isr                                           /home/cesar/Documents/barebones-mcu-compilation/source/LowByteProductions/app/../libopencm3/lib/libopencm3_stm32f4.a(vector.o)
pwr_set_vos_scale                                 /home/cesar/Documents/barebones-mcu-compilation/source/LowByteProductions/app/../libopencm3/lib/libopencm3_stm32f4.a(pwr.o)
                                                  /home/cesar/Documents/barebones-mcu-compilation/source/LowByteProductions/app/../libopencm3/lib/libopencm3_stm32f4.a(rcc.o)
rcc_ahb_frequency                                 /home/cesar/Documents/barebones-mcu-compilation/source/LowByteProductions/app/../libopencm3/lib/libopencm3_stm32f4.a(rcc.o)
rcc_apb1_frequency                                /home/cesar/Documents/barebones-mcu-compilation/source/LowByteProductions/app/../libopencm3/lib/libopencm3_stm32f4.a(rcc.o)
rcc_apb2_frequency                                /home/cesar/Documents/barebones-mcu-compilation/source/LowByteProductions/app/../libopencm3/lib/libopencm3_stm32f4.a(rcc.o)
rcc_clock_setup_hse_3v3                           /home/cesar/Documents/barebones-mcu-compilation/source/LowByteProductions/app/../libopencm3/lib/libopencm3_stm32f4.a(rcc.o)
rcc_clock_setup_pll                               /home/cesar/Documents/barebones-mcu-compilation/source/LowByteProductions/app/../libopencm3/lib/libopencm3_stm32f4.a(rcc.o)
                                                  /home/cesar/Documents/barebones-mcu-compilation/source/LowByteProductions/app/src/firmware.o
rcc_css_disable                                   /home/cesar/Documents/barebones-mcu-compilation/source/LowByteProductions/app/../libopencm3/lib/libopencm3_stm32f4.a(rcc.o)
rcc_css_enable                                    /home/cesar/Documents/barebones-mcu-compilation/source/LowByteProductions/app/../libopencm3/lib/libopencm3_stm32f4.a(rcc.o)
rcc_css_int_clear                                 /home/cesar/Documents/barebones-mcu-compilation/source/LowByteProductions/app/../libopencm3/lib/libopencm3_stm32f4.a(rcc.o)
rcc_css_int_flag                                  /home/cesar/Documents/barebones-mcu-compilation/source/LowByteProductions/app/../libopencm3/lib/libopencm3_stm32f4.a(rcc.o)
rcc_get_div_from_hpre                             /home/cesar/Documents/barebones-mcu-compilation/source/LowByteProductions/app/../libopencm3/lib/libopencm3_stm32f4.a(rcc_common_all.o)
rcc_get_i2c_clk_freq                              /home/cesar/Documents/barebones-mcu-compilation/source/LowByteProductions/app/../libopencm3/lib/libopencm3_stm32f4.a(rcc.o)
rcc_get_spi_clk_freq                              /home/cesar/Documents/barebones-mcu-compilation/source/LowByteProductions/app/../libopencm3/lib/libopencm3_stm32f4.a(rcc.o)
rcc_get_timer_clk_freq                            /home/cesar/Documents/barebones-mcu-compilation/source/LowByteProductions/app/../libopencm3/lib/libopencm3_stm32f4.a(rcc.o)
rcc_get_usart_clk_freq                            /home/cesar/Documents/barebones-mcu-compilation/source/LowByteProductions/app/../libopencm3/lib/libopencm3_stm32f4.a(rcc.o)
rcc_hse_12mhz_3v3                                 /home/cesar/Documents/barebones-mcu-compilation/source/LowByteProductions/app/../libopencm3/lib/libopencm3_stm32f4.a(rcc.o)
rcc_hse_16mhz_3v3                                 /home/cesar/Documents/barebones-mcu-compilation/source/LowByteProductions/app/../libopencm3/lib/libopencm3_stm32f4.a(rcc.o)
rcc_hse_25mhz_3v3                                 /home/cesar/Documents/barebones-mcu-compilation/source/LowByteProductions/app/../libopencm3/lib/libopencm3_stm32f4.a(rcc.o)
rcc_hse_8mhz_3v3                                  /home/cesar/Documents/barebones-mcu-compilation/source/LowByteProductions/app/../libopencm3/lib/libopencm3_stm32f4.a(rcc.o)
rcc_hsi_configs                                   /home/cesar/Documents/barebones-mcu-compilation/source/LowByteProductions/app/../libopencm3/lib/libopencm3_stm32f4.a(rcc.o)
                                                  /home/cesar/Documents/barebones-mcu-compilation/source/LowByteProductions/app/src/firmware.o
rcc_is_osc_ready                                  /home/cesar/Documents/barebones-mcu-compilation/source/LowByteProductions/app/../libopencm3/lib/libopencm3_stm32f4.a(rcc.o)
rcc_isr                                           /home/cesar/Documents/barebones-mcu-compilation/source/LowByteProductions/app/../libopencm3/lib/libopencm3_stm32f4.a(vector.o)
rcc_osc_bypass_disable                            /home/cesar/Documents/barebones-mcu-compilation/source/LowByteProductions/app/../libopencm3/lib/libopencm3_stm32f4.a(rcc_common_all.o)
rcc_osc_bypass_enable                             /home/cesar/Documents/barebones-mcu-compilation/source/LowByteProductions/app/../libopencm3/lib/libopencm3_stm32f4.a(rcc_common_all.o)
rcc_osc_off                                       /home/cesar/Documents/barebones-mcu-compilation/source/LowByteProductions/app/../libopencm3/lib/libopencm3_stm32f4.a(rcc.o)
rcc_osc_on                                        /home/cesar/Documents/barebones-mcu-compilation/source/LowByteProductions/app/../libopencm3/lib/libopencm3_stm32f4.a(rcc.o)
rcc_osc_ready_int_clear                           /home/cesar/Documents/barebones-mcu-compilation/source/LowByteProductions/app/../libopencm3/lib/libopencm3_stm32f4.a(rcc.o)
rcc_osc_ready_int_disable                         /home/cesar/Documents/barebones-mcu-compilation/source/LowByteProductions/app/../libopencm3/lib/libopencm3_stm32f4.a(rcc.o)
rcc_osc_ready_int_enable                          /home/cesar/Documents/barebones-mcu-compilation/source/LowByteProductions/app/../libopencm3/lib/libopencm3_stm32f4.a(rcc.o)
rcc_osc_ready_int_flag                            /home/cesar/Documents/barebones-mcu-compilation/source/LowByteProductions/app/../libopencm3/lib/libopencm3_stm32f4.a(rcc.o)
rcc_periph_clock_disable                          /home/cesar/Documents/barebones-mcu-compilation/source/LowByteProductions/app/../libopencm3/lib/libopencm3_stm32f4.a(rcc_common_all.o)
rcc_periph_clock_enable                           /home/cesar/Documents/barebones-mcu-compilation/source/LowByteProductions/app/../libopencm3/lib/libopencm3_stm32f4.a(rcc_common_all.o)
                                                  /home/cesar/Documents/barebones-mcu-compilation/source/LowByteProductions/app/../libopencm3/lib/libopencm3_stm32f4.a(rcc.o)
                                                  /home/cesar/Documents/barebones-mcu-compilation/source/LowByteProductions/app/src/firmware.o
rcc_periph_reset_hold                             /home/cesar/Documents/barebones-mcu-compilation/source/LowByteProductions/app/../libopencm3/lib/libopencm3_stm32f4.a(rcc_common_all.o)
rcc_periph_reset_pulse                            /home/cesar/Documents/barebones-mcu-compilation/source/LowByteProductions/app/../libopencm3/lib/libopencm3_stm32f4.a(rcc_common_all.o)
rcc_periph_reset_release                          /home/cesar/Documents/barebones-mcu-compilation/source/LowByteProductions/app/../libopencm3/lib/libopencm3_stm32f4.a(rcc_common_all.o)
rcc_peripheral_clear_reset                        /home/cesar/Documents/barebones-mcu-compilation/source/LowByteProductions/app/../libopencm3/lib/libopencm3_stm32f4.a(rcc_common_all.o)
rcc_peripheral_disable_clock                      /home/cesar/Documents/barebones-mcu-compilation/source/LowByteProductions/app/../libopencm3/lib/libopencm3_stm32f4.a(rcc_common_all.o)
rcc_peripheral_enable_clock                       /home/cesar/Documents/barebones-mcu-compilation/source/LowByteProductions/app/../libopencm3/lib/libopencm3_stm32f4.a(rcc_common_all.o)
rcc_peripheral_reset                              /home/cesar/Documents/barebones-mcu-compilation/source/LowByteProductions/app/../libopencm3/lib/libopencm3_stm32f4.a(rcc_common_all.o)
rcc_plli2s_config                                 /home/cesar/Documents/barebones-mcu-compilation/source/LowByteProductions/app/../libopencm3/lib/libopencm3_stm32f4.a(rcc.o)
rcc_pllsai_config                                 /home/cesar/Documents/barebones-mcu-compilation/source/LowByteProductions/app/../libopencm3/lib/libopencm3_stm32f4.a(rcc.o)
rcc_pllsai_postscalers                            /home/cesar/Documents/barebones-mcu-compilation/source/LowByteProductions/app/../libopencm3/lib/libopencm3_stm32f4.a(rcc.o)
rcc_set_hpre                                      /home/cesar/Documents/barebones-mcu-compilation/source/LowByteProductions/app/../libopencm3/lib/libopencm3_stm32f4.a(rcc.o)
rcc_set_main_pll_hse                              /home/cesar/Documents/barebones-mcu-compilation/source/LowByteProductions/app/../libopencm3/lib/libopencm3_stm32f4.a(rcc.o)
rcc_set_main_pll_hsi                              /home/cesar/Documents/barebones-mcu-compilation/source/LowByteProductions/app/../libopencm3/lib/libopencm3_stm32f4.a(rcc.o)
rcc_set_mco                                       /home/cesar/Documents/barebones-mcu-compilation/source/LowByteProductions/app/../libopencm3/lib/libopencm3_stm32f4.a(rcc_common_all.o)
rcc_set_pll_source                                /home/cesar/Documents/barebones-mcu-compilation/source/LowByteProductions/app/../libopencm3/lib/libopencm3_stm32f4.a(rcc.o)
rcc_set_ppre1                                     /home/cesar/Documents/barebones-mcu-compilation/source/LowByteProductions/app/../libopencm3/lib/libopencm3_stm32f4.a(rcc.o)
rcc_set_ppre2                                     /home/cesar/Documents/barebones-mcu-compilation/source/LowByteProductions/app/../libopencm3/lib/libopencm3_stm32f4.a(rcc.o)
rcc_set_rtcpre                                    /home/cesar/Documents/barebones-mcu-compilation/source/LowByteProductions/app/../libopencm3/lib/libopencm3_stm32f4.a(rcc.o)
rcc_set_sysclk_source                             /home/cesar/Documents/barebones-mcu-compilation/source/LowByteProductions/app/../libopencm3/lib/libopencm3_stm32f4.a(rcc.o)
rcc_system_clock_source                           /home/cesar/Documents/barebones-mcu-compilation/source/LowByteProductions/app/../libopencm3/lib/libopencm3_stm32f4.a(rcc.o)
rcc_wait_for_osc_ready                            /home/cesar/Documents/barebones-mcu-compilation/source/LowByteProductions/app/../libopencm3/lib/libopencm3_stm32f4.a(rcc.o)
rcc_wait_for_sysclk_status                        /home/cesar/Documents/barebones-mcu-compilation/source/LowByteProductions/app/../libopencm3/lib/libopencm3_stm32f4.a(rcc.o)
reset_handler                                     /home/cesar/Documents/barebones-mcu-compilation/source/LowByteProductions/app/../libopencm3/lib/libopencm3_stm32f4.a(vector.o)
rtc_alarm_isr                                     /home/cesar/Documents/barebones-mcu-compilation/source/LowByteProductions/app/../libopencm3/lib/libopencm3_stm32f4.a(vector.o)
rtc_wkup_isr                                      /home/cesar/Documents/barebones-mcu-compilation/source/LowByteProductions/app/../libopencm3/lib/libopencm3_stm32f4.a(vector.o)
sai1_isr                                          /home/cesar/Documents/barebones-mcu-compilation/source/LowByteProductions/app/../libopencm3/lib/libopencm3_stm32f4.a(vector.o)
sdio_isr                                          /home/cesar/Documents/barebones-mcu-compilation/source/LowByteProductions/app/../libopencm3/lib/libopencm3_stm32f4.a(vector.o)
spi1_isr                                          /home/cesar/Documents/barebones-mcu-compilation/source/LowByteProductions/app/../libopencm3/lib/libopencm3_stm32f4.a(vector.o)
spi2_isr                                          /home/cesar/Documents/barebones-mcu-compilation/source/LowByteProductions/app/../libopencm3/lib/libopencm3_stm32f4.a(vector.o)
spi3_isr                                          /home/cesar/Documents/barebones-mcu-compilation/source/LowByteProductions/app/../libopencm3/lib/libopencm3_stm32f4.a(vector.o)
spi4_isr                                          /home/cesar/Documents/barebones-mcu-compilation/source/LowByteProductions/app/../libopencm3/lib/libopencm3_stm32f4.a(vector.o)
spi5_isr                                          /home/cesar/Documents/barebones-mcu-compilation/source/LowByteProductions/app/../libopencm3/lib/libopencm3_stm32f4.a(vector.o)
spi6_isr                                          /home/cesar/Documents/barebones-mcu-compilation/source/LowByteProductions/app/../libopencm3/lib/libopencm3_stm32f4.a(vector.o)
sv_call_handler                                   /home/cesar/Documents/barebones-mcu-compilation/source/LowByteProductions/app/../libopencm3/lib/libopencm3_stm32f4.a(vector.o)
sys_tick_handler                                  /home/cesar/Documents/barebones-mcu-compilation/source/LowByteProductions/app/../libopencm3/lib/libopencm3_stm32f4.a(vector.o)
tamp_stamp_isr                                    /home/cesar/Documents/barebones-mcu-compilation/source/LowByteProductions/app/../libopencm3/lib/libopencm3_stm32f4.a(vector.o)
tim1_brk_tim9_isr                                 /home/cesar/Documents/barebones-mcu-compilation/source/LowByteProductions/app/../libopencm3/lib/libopencm3_stm32f4.a(vector.o)
tim1_cc_isr                                       /home/cesar/Documents/barebones-mcu-compilation/source/LowByteProductions/app/../libopencm3/lib/libopencm3_stm32f4.a(vector.o)
tim1_trg_com_tim11_isr                            /home/cesar/Documents/barebones-mcu-compilation/source/LowByteProductions/app/../libopencm3/lib/libopencm3_stm32f4.a(vector.o)
tim1_up_tim10_isr                                 /home/cesar/Documents/barebones-mcu-compilation/source/LowByteProductions/app/../libopencm3/lib/libopencm3_stm32f4.a(vector.o)
tim2_isr                                          /home/cesar/Documents/barebones-mcu-compilation/source/LowByteProductions/app/../libopencm3/lib/libopencm3_stm32f4.a(vector.o)
tim3_isr                                          /home/cesar/Documents/barebones-mcu-compilation/source/LowByteProductions/app/../libopencm3/lib/libopencm3_stm32f4.a(vector.o)
tim4_isr                                          /home/cesar/Documents/barebones-mcu-compilation/source/LowByteProductions/app/../libopencm3/lib/libopencm3_stm32f4.a(vector.o)
tim5_isr                                          /home/cesar/Documents/barebones-mcu-compilation/source/LowByteProductions/app/../libopencm3/lib/libopencm3_stm32f4.a(vector.o)
tim6_dac_isr                                      /home/cesar/Documents/barebones-mcu-compilation/source/LowByteProductions/app/../libopencm3/lib/libopencm3_stm32f4.a(vector.o)
tim7_isr                                          /home/cesar/Documents/barebones-mcu-compilation/source/LowByteProductions/app/../libopencm3/lib/libopencm3_stm32f4.a(vector.o)
tim8_brk_tim12_isr                                /home/cesar/Documents/barebones-mcu-compilation/source/LowByteProductions/app/../libopencm3/lib/libopencm3_stm32f4.a(vector.o)
tim8_cc_isr                                       /home/cesar/Documents/barebones-mcu-compilation/source/LowByteProductions/app/../libopencm3/lib/libopencm3_stm32f4.a(vector.o)
tim8_trg_com_tim14_isr                            /home/cesar/Documents/barebones-mcu-compilation/source/LowByteProductions/app/../libopencm3/lib/libopencm3_stm32f4.a(vector.o)
tim8_up_tim13_isr                                 /home/cesar/Documents/barebones-mcu-compilation/source/LowByteProductions/app/../libopencm3/lib/libopencm3_stm32f4.a(vector.o)
uart4_isr                                         /home/cesar/Documents/barebones-mcu-compilation/source/LowByteProductions/app/../libopencm3/lib/libopencm3_stm32f4.a(vector.o)
uart5_isr                                         /home/cesar/Documents/barebones-mcu-compilation/source/LowByteProductions/app/../libopencm3/lib/libopencm3_stm32f4.a(vector.o)
uart7_isr                                         /home/cesar/Documents/barebones-mcu-compilation/source/LowByteProductions/app/../libopencm3/lib/libopencm3_stm32f4.a(vector.o)
uart8_isr                                         /home/cesar/Documents/barebones-mcu-compilation/source/LowByteProductions/app/../libopencm3/lib/libopencm3_stm32f4.a(vector.o)
usage_fault_handler                               /home/cesar/Documents/barebones-mcu-compilation/source/LowByteProductions/app/../libopencm3/lib/libopencm3_stm32f4.a(vector.o)
usart1_isr                                        /home/cesar/Documents/barebones-mcu-compilation/source/LowByteProductions/app/../libopencm3/lib/libopencm3_stm32f4.a(vector.o)
usart2_isr                                        /home/cesar/Documents/barebones-mcu-compilation/source/LowByteProductions/app/../libopencm3/lib/libopencm3_stm32f4.a(vector.o)
usart3_isr                                        /home/cesar/Documents/barebones-mcu-compilation/source/LowByteProductions/app/../libopencm3/lib/libopencm3_stm32f4.a(vector.o)
usart6_isr                                        /home/cesar/Documents/barebones-mcu-compilation/source/LowByteProductions/app/../libopencm3/lib/libopencm3_stm32f4.a(vector.o)
usb_fs_wkup_isr                                   /home/cesar/Documents/barebones-mcu-compilation/source/LowByteProductions/app/../libopencm3/lib/libopencm3_stm32f4.a(vector.o)
vector_table                                      /home/cesar/Documents/barebones-mcu-compilation/source/LowByteProductions/app/../libopencm3/lib/libopencm3_stm32f4.a(vector.o)
