
Memory Configuration

Name             Origin             Length             Attributes
FLASH            0x0000000008000000 0x0000000000100000 xr
SRAM             0x0000000020000000 0x0000000000020000 xrw
*default*        0x0000000000000000 0xffffffffffffffff

Linker script and memory map

LOAD main.o
LOAD led.o
LOAD stm32_startup.o
                0x0000000000000400                __max_heap_size = 0x400
                0x0000000000000200                __max_stack_size = 0x200

.text           0x0000000008000000      0x664
 *(.isr_section)
 *(.text)
 .text          0x0000000008000000      0x4cc main.o
                0x0000000008000000                main
                0x000000000800002c                idle_task
                0x0000000008000032                task1_handler
                0x0000000008000054                task2_handler
                0x0000000008000076                task3_handler
                0x0000000008000094                task4_handler
                0x00000000080000b2                init_systick_timer
                0x000000000800011c                init_scheduler_stack
                0x0000000008000126                init_tasks_stack
                0x0000000008000240                enable_processor_faults
                0x000000000800027c                get_psp_value
                0x000000000800029c                save_psp_value
                0x00000000080002c4                update_next_task
                0x000000000800034c                switch_sp_to_psp
                0x0000000008000366                schedule
                0x000000000800038c                task_delay
                0x00000000080003ec                PendSV_Handler
                0x0000000008000412                update_global_tick_count
                0x000000000800042c                unblock_tasks
                0x000000000800048c                SysTick_Handler
                0x00000000080004b8                HardFault_Handler
                0x00000000080004be                MemManage_Handler
                0x00000000080004c4                BusFault_Handler
 .text          0x00000000080004cc       0xfc led.o
                0x00000000080004cc                delay
                0x00000000080004f4                led_init_all
                0x0000000008000568                led_on
                0x0000000008000598                led_off
 .text          0x00000000080005c8       0x90 stm32_startup.o
                0x00000000080005c8                RTC_WKUP_Handler
                0x00000000080005c8                FLASH_Handler
                0x00000000080005c8                SVCall_Handler
                0x00000000080005c8                DMA2_Stream7_Handler
                0x00000000080005c8                OTG_HS_Handler
                0x00000000080005c8                Systick_Handler
                0x00000000080005c8                DMA2_Stream3_Handler
                0x00000000080005c8                USART3_Handler
                0x00000000080005c8                NMI_Handler
                0x00000000080005c8                SAI1_Handler
                0x00000000080005c8                TIM6_DAC_Handler
                0x00000000080005c8                CAN1_RX1_Handler
                0x00000000080005c8                EXTI15_10_Handler
                0x00000000080005c8                ADC_Handler
                0x00000000080005c8                I2C1_EV_Handler
                0x00000000080005c8                TAMP_STAMP_Handler
                0x00000000080005c8                I2C3_ER_Handler
                0x00000000080005c8                WWDG_Handler
                0x00000000080005c8                EXTI4_Handler
                0x00000000080005c8                I2C3_EV_Handler
                0x00000000080005c8                DMA1_Stream1_Handler
                0x00000000080005c8                DMA2_Stream4_Handler
                0x00000000080005c8                DMA1_Stream7_Handler
                0x00000000080005c8                OTG_FS_Handler
                0x00000000080005c8                TIM1_BRK_TIM9_Handler
                0x00000000080005c8                I2C1_ER_Handler
                0x00000000080005c8                DMA1_Stream3_Handler
                0x00000000080005c8                UsageFault_Handler
                0x00000000080005c8                TIM1_UP_TIM10_Handler
                0x00000000080005c8                CAN1_RX0_Handler
                0x00000000080005c8                TIM1_CC_Handler
                0x00000000080005c8                I2C2_ER_Handler
                0x00000000080005c8                USART6_Handler
                0x00000000080005c8                TIM8_CC_Handler
                0x00000000080005c8                HDMI_CEC_Handler
                0x00000000080005c8                SAI2_Handler
                0x00000000080005c8                CAN1_SCE_Handler
                0x00000000080005c8                DMA1_Stream0_Handler
                0x00000000080005c8                OTG_HS_EP1_OUT_Handler
                0x00000000080005c8                EXTI1_Handler
                0x00000000080005c8                Reset_Handler
                0x00000000080005c8                FMC_Handler
                0x00000000080005c8                EXTI3_Handler
                0x00000000080005c8                EXTI2_Handler
                0x00000000080005c8                UART4_Handler
                0x00000000080005c8                CAN2_RX1_Handler
                0x00000000080005c8                EXTI9_5_Handler
                0x00000000080005c8                TIM2_Handler
                0x00000000080005c8                USART1_Handler
                0x00000000080005c8                CAN2_SCE_Handler
                0x00000000080005c8                TIM3_Handler
                0x00000000080005c8                DMA2_Stream6_Handler
                0x00000000080005c8                Default_Handler
                0x00000000080005c8                DCMI_Handler
                0x00000000080005c8                TIM1_TRG_COM_TIM11_Handler
                0x00000000080005c8                FMPI2C1_error_Handler
                0x00000000080005c8                RTC_Alarm_Handler
                0x00000000080005c8                TIM4_Handler
                0x00000000080005c8                TIM8_UP_TIM13_Handler
                0x00000000080005c8                CAN2_TX_Handler
                0x00000000080005c8                SPI2_Handler
                0x00000000080005c8                DMA2_Stream1_Handler
                0x00000000080005c8                DMA1_Stream2_Handler
                0x00000000080005c8                EXTI0_Handler
                0x00000000080005c8                TIM8_BRK_TIM12_Handler
                0x00000000080005c8                CAN2_RX0_Handler
                0x00000000080005c8                DMA2_Stream5_Handler
                0x00000000080005c8                DMA1_Stream6_Handler
                0x00000000080005c8                SDIO_Handler
                0x00000000080005c8                USART2_Handler
                0x00000000080005c8                SPI1_Handler
                0x00000000080005c8                I2C2_EV_Handler
                0x00000000080005c8                SPDIF_Rx_Handler
                0x00000000080005c8                DMA2_Stream2_Handler
                0x00000000080005c8                Debug_Monitor_Handler
                0x00000000080005c8                SPI3_Handler
                0x00000000080005c8                DMA2_Stream0_Handler
                0x00000000080005c8                RCC_Handler
                0x00000000080005c8                PVD_Handler
                0x00000000080005c8                UART5_Handler
                0x00000000080005c8                DMA1_Stream5_Handler
                0x00000000080005c8                TIM5_Handler
                0x00000000080005c8                QuadSPI_Handler
                0x00000000080005c8                TIM7_Handler
                0x00000000080005c8                TIM8_TRG_COM_TIM14_Handler
                0x00000000080005c8                CAN1_TX_Handler
                0x00000000080005c8                FPU_Handler
                0x00000000080005c8                FMPI2C1_Handler
                0x00000000080005c8                DMA1_Stream4_Handler
                0x00000000080005c8                OTG_HS_WKUP_Handler
                0x00000000080005c8                OTG_FS_WKUP_Handler
                0x00000000080005c8                SPI4_Handler
                0x00000000080005c8                OTG_HS_EP1_IN_Handler
                0x00000000080005ce                reset_handler
 *(.rodata)
 .rodata        0x0000000008000658        0x9 main.o
                0x0000000008000658                const_v_1
                0x000000000800065c                const_v_2
                0x0000000008000660                const_V_3
                0x0000000008000664                . = ALIGN (0x4)
 *fill*         0x0000000008000661        0x3 
                0x0000000008000664                _etext = .

.glue_7         0x0000000008000664        0x0
 .glue_7        0x0000000008000664        0x0 linker stubs

.glue_7t        0x0000000008000664        0x0
 .glue_7t       0x0000000008000664        0x0 linker stubs

.vfp11_veneer   0x0000000008000664        0x0
 .vfp11_veneer  0x0000000008000664        0x0 linker stubs

.v4_bx          0x0000000008000664        0x0
 .v4_bx         0x0000000008000664        0x0 linker stubs

.iplt           0x0000000008000664        0x0
 .iplt          0x0000000008000664        0x0 main.o

.rel.dyn        0x0000000008000664        0x0
 .rel.iplt      0x0000000008000664        0x0 main.o

.data           0x0000000020000000        0x4 load address 0x0000000008000664
                0x0000000020000000                _sdata = 0x0
 *(.data)
 .data          0x0000000020000000        0x1 main.o
                0x0000000020000000                current_task
 .data          0x0000000020000001        0x0 led.o
 .data          0x0000000020000001        0x0 stm32_startup.o
                0x0000000020000004                . = ALIGN (0x4)
 *fill*         0x0000000020000001        0x3 
                0x0000000020000004                _edata = .

.igot.plt       0x0000000020000004        0x0 load address 0x0000000008000668
 .igot.plt      0x0000000020000004        0x0 main.o

.isr_vector     0x0000000020000004      0x1b8 load address 0x0000000008000668
 .isr_vector    0x0000000020000004      0x1b8 stm32_startup.o
                0x0000000020000004                vectors

.bss            0x00000000200001bc       0x54 load address 0x0000000008000820
                0x00000000200001bc                _sbss = .
 *(.bss)
 .bss           0x00000000200001bc       0x54 main.o
                0x00000000200001bc                g_tick_count
                0x00000000200001c0                user_tasks
 .bss           0x0000000020000210        0x0 led.o
 .bss           0x0000000020000210        0x0 stm32_startup.o
                0x0000000020000210                . = ALIGN (0x4)
                0x0000000020000210                _ebss = .
OUTPUT(final.elf elf32-littlearm)
LOAD linker stubs

.comment        0x0000000000000000       0x49
 .comment       0x0000000000000000       0x49 main.o
                                         0x4a (size before relaxing)
 .comment       0x0000000000000049       0x4a led.o
 .comment       0x0000000000000049       0x4a stm32_startup.o

.ARM.attributes
                0x0000000000000000       0x2e
 .ARM.attributes
                0x0000000000000000       0x2e main.o
 .ARM.attributes
                0x000000000000002e       0x2e led.o
 .ARM.attributes
                0x000000000000005c       0x2e stm32_startup.o
